[2025-09-21T19:03:15.658Z] POST /api/issue-reports
TypeError: e.treeifyError is not a function
    at exports.create (C:\Users\vanaa\OneDrive - University of Pretoria\3rd Year\EPE\Community_Reporting\crea\backend\controllers\IssueReportController.js:159:47)
    at Layer.handleRequest (C:\Users\vanaa\OneDrive - University of Pretoria\3rd Year\EPE\Community_Reporting\crea\backend\node_modules\router\lib\layer.js:152:17)
    at next (C:\Users\vanaa\OneDrive - University of Pretoria\3rd Year\EPE\Community_Reporting\crea\backend\node_modules\router\lib\route.js:157:13)
    at C:\Users\vanaa\OneDrive - University of Pretoria\3rd Year\EPE\Community_Reporting\crea\backend\middleware\auth.js:25:5
    at C:\Users\vanaa\OneDrive - University of Pretoria\3rd Year\EPE\Community_Reporting\crea\backend\node_modules\jsonwebtoken\verify.js:261:12
    at getSecret (C:\Users\vanaa\OneDrive - University of Pretoria\3rd Year\EPE\Community_Reporting\crea\backend\node_modules\jsonwebtoken\verify.js:97:14)
    at module.exports [as verify] (C:\Users\vanaa\OneDrive - University of Pretoria\3rd Year\EPE\Community_Reporting\crea\backend\node_modules\jsonwebtoken\verify.js:101:10)
    at module.exports (C:\Users\vanaa\OneDrive - University of Pretoria\3rd Year\EPE\Community_Reporting\crea\backend\middleware\auth.js:19:7)
    at Layer.handleRequest (C:\Users\vanaa\OneDrive - University of Pretoria\3rd Year\EPE\Community_Reporting\crea\backend\node_modules\router\lib\layer.js:152:17)
    at next (C:\Users\vanaa\OneDrive - University of Pretoria\3rd Year\EPE\Community_Reporting\crea\backend\node_modules\router\lib\route.js:157:13)

[2025-09-25T05:10:37.729Z] POST /api/issue-reports/watchlist/74e9e250-115f-4cc6-86d5-132b49066e46
Error
    at Query.run (C:\Users\nathy\OneDrive - University of Pretoria\APP Design\crea\backend\node_modules\sequelize\lib\dialects\postgres\query.js:50:25)
    at C:\Users\nathy\OneDrive - University of Pretoria\APP Design\crea\backend\node_modules\sequelize\lib\sequelize.js:315:28
    at process.processTicksAndRejections (node:internal/process/task_queues:105:5)
    at async PostgresQueryInterface.select (C:\Users\nathy\OneDrive - University of Pretoria\APP Design\crea\backend\node_modules\sequelize\lib\dialects\abstract\query-interface.js:407:12)
    at async ReportIssueWatchlist.findAll (C:\Users\nathy\OneDrive - University of Pretoria\APP Design\crea\backend\node_modules\sequelize\lib\model.js:1140:21)
    at async ReportIssueWatchlist.findOne (C:\Users\nathy\OneDrive - University of Pretoria\APP Design\crea\backend\node_modules\sequelize\lib\model.js:1240:12)
    at async exports.subscribeWatchlist (C:\Users\nathy\OneDrive - University of Pretoria\APP Design\crea\backend\controllers\IssueReportController.js:389:29)

[2025-09-25T11:37:54.881Z] POST /api/issue-reports/watchlist/f59cecdd-d0c0-46d0-b81a-145a6254d5b5
Error
    at Query.run (C:\Users\lefam\Music\My Project\crea\backend\node_modules\sequelize\lib\dialects\postgres\query.js:50:25)
    at C:\Users\lefam\Music\My Project\crea\backend\node_modules\sequelize\lib\sequelize.js:315:28
    at process.processTicksAndRejections (node:internal/process/task_queues:105:5)
    at async PostgresQueryInterface.select (C:\Users\lefam\Music\My Project\crea\backend\node_modules\sequelize\lib\dialects\abstract\query-interface.js:407:12)
    at async ReportIssueWatchlist.findAll (C:\Users\lefam\Music\My Project\crea\backend\node_modules\sequelize\lib\model.js:1140:21)
    at async ReportIssueWatchlist.findOne (C:\Users\lefam\Music\My Project\crea\backend\node_modules\sequelize\lib\model.js:1240:12)
    at async exports.subscribeWatchlist (C:\Users\lefam\Music\My Project\crea\backend\controllers\IssueReportController.js:389:29)

[2025-09-25T12:19:50.920Z] POST /api/issue-reports/watchlist/a32697c5-8491-4485-a8f3-158c369142e5
Error
    at Query.run (C:\Users\lefam\Music\My Project\crea\backend\node_modules\sequelize\lib\dialects\postgres\query.js:50:25)
    at C:\Users\lefam\Music\My Project\crea\backend\node_modules\sequelize\lib\sequelize.js:315:28
    at process.processTicksAndRejections (node:internal/process/task_queues:105:5)
    at async PostgresQueryInterface.select (C:\Users\lefam\Music\My Project\crea\backend\node_modules\sequelize\lib\dialects\abstract\query-interface.js:407:12)
    at async ReportIssueWatchlist.findAll (C:\Users\lefam\Music\My Project\crea\backend\node_modules\sequelize\lib\model.js:1140:21)
    at async ReportIssueWatchlist.findOne (C:\Users\lefam\Music\My Project\crea\backend\node_modules\sequelize\lib\model.js:1240:12)
    at async exports.subscribeWatchlist (C:\Users\lefam\Music\My Project\crea\backend\controllers\IssueReportController.js:389:29)

[2025-10-20T11:18:50.053Z] POST /api/maintenance-schedules
ReferenceError: sequelize is not defined
    at create (C:\Users\nathy\OneDrive - University of Pretoria\APP Design\crea\backend\controllers\MaintenanceScheduleController.js:47:15)
    at Layer.handleRequest (C:\Users\nathy\OneDrive - University of Pretoria\APP Design\crea\backend\node_modules\router\lib\layer.js:152:17)
    at next (C:\Users\nathy\OneDrive - University of Pretoria\APP Design\crea\backend\node_modules\router\lib\route.js:157:13)
    at C:\Users\nathy\OneDrive - University of Pretoria\APP Design\crea\backend\middleware\auth.js:30:5
    at C:\Users\nathy\OneDrive - University of Pretoria\APP Design\crea\backend\node_modules\jsonwebtoken\verify.js:261:12
    at getSecret (C:\Users\nathy\OneDrive - University of Pretoria\APP Design\crea\backend\node_modules\jsonwebtoken\verify.js:97:14)
    at module.exports [as verify] (C:\Users\nathy\OneDrive - University of Pretoria\APP Design\crea\backend\node_modules\jsonwebtoken\verify.js:101:10)
    at module.exports (C:\Users\nathy\OneDrive - University of Pretoria\APP Design\crea\backend\middleware\auth.js:19:7)
    at Layer.handleRequest (C:\Users\nathy\OneDrive - University of Pretoria\APP Design\crea\backend\node_modules\router\lib\layer.js:152:17)
    at next (C:\Users\nathy\OneDrive - University of Pretoria\APP Design\crea\backend\node_modules\router\lib\route.js:157:13)

[2025-10-20T11:18:50.064Z] POST /api/maintenance-schedules
ReferenceError: sequelize is not defined
    at create (C:\Users\nathy\OneDrive - University of Pretoria\APP Design\crea\backend\controllers\MaintenanceScheduleController.js:47:15)
    at Layer.handleRequest (C:\Users\nathy\OneDrive - University of Pretoria\APP Design\crea\backend\node_modules\router\lib\layer.js:152:17)
    at next (C:\Users\nathy\OneDrive - University of Pretoria\APP Design\crea\backend\node_modules\router\lib\route.js:157:13)
    at C:\Users\nathy\OneDrive - University of Pretoria\APP Design\crea\backend\middleware\auth.js:30:5
    at C:\Users\nathy\OneDrive - University of Pretoria\APP Design\crea\backend\node_modules\jsonwebtoken\verify.js:261:12
    at getSecret (C:\Users\nathy\OneDrive - University of Pretoria\APP Design\crea\backend\node_modules\jsonwebtoken\verify.js:97:14)
    at module.exports [as verify] (C:\Users\nathy\OneDrive - University of Pretoria\APP Design\crea\backend\node_modules\jsonwebtoken\verify.js:101:10)
    at module.exports (C:\Users\nathy\OneDrive - University of Pretoria\APP Design\crea\backend\middleware\auth.js:19:7)
    at Layer.handleRequest (C:\Users\nathy\OneDrive - University of Pretoria\APP Design\crea\backend\node_modules\router\lib\layer.js:152:17)
    at next (C:\Users\nathy\OneDrive - University of Pretoria\APP Design\crea\backend\node_modules\router\lib\route.js:157:13)

[2025-10-20T11:19:41.716Z] POST /api/maintenance-schedules
ReferenceError: sequelize is not defined
    at create (C:\Users\nathy\OneDrive - University of Pretoria\APP Design\crea\backend\controllers\MaintenanceScheduleController.js:47:15)
    at Layer.handleRequest (C:\Users\nathy\OneDrive - University of Pretoria\APP Design\crea\backend\node_modules\router\lib\layer.js:152:17)
    at next (C:\Users\nathy\OneDrive - University of Pretoria\APP Design\crea\backend\node_modules\router\lib\route.js:157:13)
    at C:\Users\nathy\OneDrive - University of Pretoria\APP Design\crea\backend\middleware\auth.js:30:5
    at C:\Users\nathy\OneDrive - University of Pretoria\APP Design\crea\backend\node_modules\jsonwebtoken\verify.js:261:12
    at getSecret (C:\Users\nathy\OneDrive - University of Pretoria\APP Design\crea\backend\node_modules\jsonwebtoken\verify.js:97:14)
    at module.exports [as verify] (C:\Users\nathy\OneDrive - University of Pretoria\APP Design\crea\backend\node_modules\jsonwebtoken\verify.js:101:10)
    at module.exports (C:\Users\nathy\OneDrive - University of Pretoria\APP Design\crea\backend\middleware\auth.js:19:7)
    at Layer.handleRequest (C:\Users\nathy\OneDrive - University of Pretoria\APP Design\crea\backend\node_modules\router\lib\layer.js:152:17)
    at next (C:\Users\nathy\OneDrive - University of Pretoria\APP Design\crea\backend\node_modules\router\lib\route.js:157:13)

[2025-10-20T12:17:37.431Z] GET /api/issue-reports/staff/e0ab57bf-31f5-4e9c-b804-aa260d738664
Error: Association with alias "schedules" does not exist on IssueReport
    at MunicipalStaffIssueReport._transformStringAssociation (C:\Users\nathy\OneDrive - University of Pretoria\APP Design\crea\backend\node_modules\sequelize\lib\model.js:275:15)
    at MunicipalStaffIssueReport._conformInclude (C:\Users\nathy\OneDrive - University of Pretoria\APP Design\crea\backend\node_modules\sequelize\lib\model.js:300:38)
    at C:\Users\nathy\OneDrive - University of Pretoria\APP Design\crea\backend\node_modules\sequelize\lib\model.js:270:61
    at Array.map (<anonymous>)
    at MunicipalStaffIssueReport._conformIncludes (C:\Users\nathy\OneDrive - University of Pretoria\APP Design\crea\backend\node_modules\sequelize\lib\model.js:270:39)
    at MunicipalStaffIssueReport._conformInclude (C:\Users\nathy\OneDrive - University of Pretoria\APP Design\crea\backend\node_modules\sequelize\lib\model.js:314:16)
    at C:\Users\nathy\OneDrive - University of Pretoria\APP Design\crea\backend\node_modules\sequelize\lib\model.js:270:61
    at Array.map (<anonymous>)
    at MunicipalStaffIssueReport._conformIncludes (C:\Users\nathy\OneDrive - University of Pretoria\APP Design\crea\backend\node_modules\sequelize\lib\model.js:270:39)
    at MunicipalStaffIssueReport._baseMerge (C:\Users\nathy\OneDrive - University of Pretoria\APP Design\crea\backend\node_modules\sequelize\lib\model.js:622:10)

[2025-10-21T13:41:24.245Z] GET /api/users/me
Error
    at Query.run (C:\Users\vanaa\OneDrive - University of Pretoria\3rd Year\EPE\Community_Reporting\crea\backend\node_modules\sequelize\lib\dialects\postgres\query.js:50:25)
    at C:\Users\vanaa\OneDrive - University of Pretoria\3rd Year\EPE\Community_Reporting\crea\backend\node_modules\sequelize\lib\sequelize.js:315:28
    at process.processTicksAndRejections (node:internal/process/task_queues:105:5)
    at async PostgresQueryInterface.select (C:\Users\vanaa\OneDrive - University of Pretoria\3rd Year\EPE\Community_Reporting\crea\backend\node_modules\sequelize\lib\dialects\abstract\query-interface.js:407:12)
    at async User.findAll (C:\Users\vanaa\OneDrive - University of Pretoria\3rd Year\EPE\Community_Reporting\crea\backend\node_modules\sequelize\lib\model.js:1140:21)
    at async User.findOne (C:\Users\vanaa\OneDrive - University of Pretoria\3rd Year\EPE\Community_Reporting\crea\backend\node_modules\sequelize\lib\model.js:1240:12)
    at async User.findByPk (C:\Users\vanaa\OneDrive - University of Pretoria\3rd Year\EPE\Community_Reporting\crea\backend\node_modules\sequelize\lib\model.js:1221:12)
    at async get (C:\Users\vanaa\OneDrive - University of Pretoria\3rd Year\EPE\Community_Reporting\crea\backend\controllers\UserController.js:22:18)

[2025-10-26T10:58:50.539Z] OPTIONS /api/auth/login
Error: Not allowed by CORS
    at origin (C:\Users\lefam\Music\My Project\crea\backend\index.js:71:23)
    at C:\Users\lefam\Music\My Project\crea\backend\node_modules\cors\lib\index.js:219:13
    at optionsCallback (C:\Users\lefam\Music\My Project\crea\backend\node_modules\cors\lib\index.js:199:9)
    at corsMiddleware (C:\Users\lefam\Music\My Project\crea\backend\node_modules\cors\lib\index.js:204:7)
    at Layer.handleRequest (C:\Users\lefam\Music\My Project\crea\backend\node_modules\router\lib\layer.js:152:17)
    at trimPrefix (C:\Users\lefam\Music\My Project\crea\backend\node_modules\router\index.js:342:13)
    at C:\Users\lefam\Music\My Project\crea\backend\node_modules\router\index.js:297:9
    at processParams (C:\Users\lefam\Music\My Project\crea\backend\node_modules\router\index.js:582:12)
    at next (C:\Users\lefam\Music\My Project\crea\backend\node_modules\router\index.js:291:5)
    at Function.handle (C:\Users\lefam\Music\My Project\crea\backend\node_modules\router\index.js:186:3)

[2025-10-26T10:58:55.842Z] OPTIONS /api/auth/login
Error: Not allowed by CORS
    at origin (C:\Users\lefam\Music\My Project\crea\backend\index.js:71:23)
    at C:\Users\lefam\Music\My Project\crea\backend\node_modules\cors\lib\index.js:219:13
    at optionsCallback (C:\Users\lefam\Music\My Project\crea\backend\node_modules\cors\lib\index.js:199:9)
    at corsMiddleware (C:\Users\lefam\Music\My Project\crea\backend\node_modules\cors\lib\index.js:204:7)
    at Layer.handleRequest (C:\Users\lefam\Music\My Project\crea\backend\node_modules\router\lib\layer.js:152:17)
    at trimPrefix (C:\Users\lefam\Music\My Project\crea\backend\node_modules\router\index.js:342:13)
    at C:\Users\lefam\Music\My Project\crea\backend\node_modules\router\index.js:297:9
    at processParams (C:\Users\lefam\Music\My Project\crea\backend\node_modules\router\index.js:582:12)
    at next (C:\Users\lefam\Music\My Project\crea\backend\node_modules\router\index.js:291:5)
    at Function.handle (C:\Users\lefam\Music\My Project\crea\backend\node_modules\router\index.js:186:3)

